// Vitest Snapshot v1, https://vitest.dev/guide/snapshot.html

exports[`createProjectFrameHTML > generates a HTML document string 1`] = `
"<!doctype html>
<html>
<head><title></title></head>
<body>
  <form method="POST" style="display:none!important;" action="https://stackblitz.com/run?embed=1" id="sb_run"><input type="hidden" name="project[title]" value="Test Project"><input type="hidden" name="project[template]" value="javascript"><input type="hidden" name="project[files][package.json]" value="{
  "dependencies": {"cowsay": "1.5.0"}
}"><input type="hidden" name="project[files][index.js]" value="import cowsay from 'cowsay';
console.log(cowsay('Hello world!'));
"></form>
  <script>document.getElementById('sb_run').submit();</script>
</body>
</html>"
`;
